// Jest Snapshot v1, https://goo.gl/fbAQLP

exports[`AsciiGameGrid snapshot 1`] = `
<div
  className=" font-mono leading-none text-base"
>
  <span
    className="mx-1 hover:bg-hovered-light-dead-cell text-light-text-color"
    data-testid="(0,0)"
    onClick={[Function]}
  >
    O
  </span>
  <span
    className="mx-1 hover:bg-hovered-light-dead-cell text-light-text-color"
    data-testid="(1,0)"
    onClick={[Function]}
  >
    O
  </span>
  <span
    className="mx-1 hover:bg-hovered-light-dead-cell text-light-text-color"
    data-testid="(2,0)"
    onClick={[Function]}
  >
    O
  </span>
  <span
    className="mx-1 hover:bg-hovered-light-dead-cell text-light-text-color"
    data-testid="(3,0)"
    onClick={[Function]}
  >
    O
  </span>
  <span
    className="mx-1 hover:bg-hovered-light-dead-cell text-light-text-color"
    data-testid="(4,0)"
    onClick={[Function]}
  >
    O
  </span>
  <br />
  <span
    className="mx-1 hover:bg-hovered-light-dead-cell text-light-text-color"
    data-testid="(0,1)"
    onClick={[Function]}
  >
    O
  </span>
  <span
    className="mx-1 hover:bg-hovered-light-dead-cell text-light-text-color"
    data-testid="(1,1)"
    onClick={[Function]}
  >
    O
  </span>
  <span
    className="mx-1 hover:bg-hovered-light-alive-cell text-light-text-color"
    data-testid="(2,1)"
    onClick={[Function]}
  >
    X
  </span>
  <span
    className="mx-1 hover:bg-hovered-light-dead-cell text-light-text-color"
    data-testid="(3,1)"
    onClick={[Function]}
  >
    O
  </span>
  <span
    className="mx-1 hover:bg-hovered-light-dead-cell text-light-text-color"
    data-testid="(4,1)"
    onClick={[Function]}
  >
    O
  </span>
  <br />
  <span
    className="mx-1 hover:bg-hovered-light-dead-cell text-light-text-color"
    data-testid="(0,2)"
    onClick={[Function]}
  >
    O
  </span>
  <span
    className="mx-1 hover:bg-hovered-light-dead-cell text-light-text-color"
    data-testid="(1,2)"
    onClick={[Function]}
  >
    O
  </span>
  <span
    className="mx-1 hover:bg-hovered-light-dead-cell text-light-text-color"
    data-testid="(2,2)"
    onClick={[Function]}
  >
    O
  </span>
  <span
    className="mx-1 hover:bg-hovered-light-alive-cell text-light-text-color"
    data-testid="(3,2)"
    onClick={[Function]}
  >
    X
  </span>
  <span
    className="mx-1 hover:bg-hovered-light-alive-cell text-light-text-color"
    data-testid="(4,2)"
    onClick={[Function]}
  >
    X
  </span>
  <br />
  <span
    className="mx-1 hover:bg-hovered-light-dead-cell text-light-text-color"
    data-testid="(0,3)"
    onClick={[Function]}
  >
    O
  </span>
  <span
    className="mx-1 hover:bg-hovered-light-dead-cell text-light-text-color"
    data-testid="(1,3)"
    onClick={[Function]}
  >
    O
  </span>
  <span
    className="mx-1 hover:bg-hovered-light-alive-cell text-light-text-color"
    data-testid="(2,3)"
    onClick={[Function]}
  >
    X
  </span>
  <span
    className="mx-1 hover:bg-hovered-light-alive-cell text-light-text-color"
    data-testid="(3,3)"
    onClick={[Function]}
  >
    X
  </span>
  <span
    className="mx-1 hover:bg-hovered-light-dead-cell text-light-text-color"
    data-testid="(4,3)"
    onClick={[Function]}
  >
    O
  </span>
  <br />
</div>
`;
