// Jest Snapshot v1, https://goo.gl/fbAQLP

exports[`CanvasGameGrid snapshot 1`] = `
<div
  style={
    {
      "height": "100vh",
      "position": "relative",
    }
  }
>
  <canvas
    className=""
    height={120}
    id="mouse-canvas"
    style={
      {
        "left": "50%",
        "position": "absolute",
        "transform": "translate(-50%)",
        "zIndex": 10,
      }
    }
    width={150}
  />
  <canvas
    className=""
    height={120}
    id="grid-canvas"
    style={
      {
        "left": "50%",
        "position": "absolute",
        "transform": "translate(-50%)",
      }
    }
    width={150}
  />
</div>
`;
