// Jest Snapshot v1, https://goo.gl/fbAQLP

exports[`PlayBar matches snapshot 1`] = `
<div
  className=" h-8 flex items-center"
>
  <svg
    aria-labelledby="svg-inline--fa-title-000000000000"
    className="svg-inline--fa fa-pause  mr-3 h-4 text-blue-500 cursor-pointer hover:scale-125"
    data-icon="pause"
    data-prefix="fas"
    onClick={[MockFunction]}
    role="img"
    style={{}}
    viewBox="0 0 320 512"
    xmlns="http://www.w3.org/2000/svg"
  >
    <title
      id="svg-inline--fa-title-000000000000"
      style={{}}
    >
      pause
    </title>
    <path
      d="M48 64C21.5 64 0 85.5 0 112V400c0 26.5 21.5 48 48 48H80c26.5 0 48-21.5 48-48V112c0-26.5-21.5-48-48-48H48zm192 0c-26.5 0-48 21.5-48 48V400c0 26.5 21.5 48 48 48h32c26.5 0 48-21.5 48-48V112c0-26.5-21.5-48-48-48H240z"
      fill="currentColor"
      style={{}}
    />
  </svg>
  <input
    className="grow"
    max={9}
    min="0"
    onChange={[Function]}
    type="range"
    value={5}
  />
  <div
    className="mr-1 whitespace-nowrap"
  >
    <svg
      aria-labelledby="svg-inline--fa-title-000000000000"
      className="svg-inline--fa fa-eraser inline-block ml-2 h-4 hover:scale-125 text-red-500 cursor-pointer"
      data-icon="eraser"
      data-prefix="fas"
      onClick={[MockFunction]}
      role="img"
      style={{}}
      viewBox="0 0 576 512"
      xmlns="http://www.w3.org/2000/svg"
    >
      <title
        id="svg-inline--fa-title-000000000000"
        style={{}}
      >
        clear
      </title>
      <path
        d="M290.7 57.4L57.4 290.7c-25 25-25 65.5 0 90.5l80 80c12 12 28.3 18.7 45.3 18.7H288h9.4H512c17.7 0 32-14.3 32-32s-14.3-32-32-32H387.9L518.6 285.3c25-25 25-65.5 0-90.5L381.3 57.4c-25-25-65.5-25-90.5 0zM297.4 416H288l-105.4 0-80-80L227.3 211.3 364.7 348.7 297.4 416z"
        fill="currentColor"
        style={{}}
      />
    </svg>
    <svg
      aria-labelledby="svg-inline--fa-title-000000000000"
      className="svg-inline--fa fa-repeat inline-block ml-2 h-4 hover:scale-125 text-green-500 cursor-pointer"
      data-icon="repeat"
      data-prefix="fas"
      onClick={[MockFunction]}
      role="img"
      style={{}}
      viewBox="0 0 512 512"
      xmlns="http://www.w3.org/2000/svg"
    >
      <title
        id="svg-inline--fa-title-000000000000"
        style={{}}
      >
        reset
      </title>
      <path
        d="M0 224c0 17.7 14.3 32 32 32s32-14.3 32-32c0-53 43-96 96-96H320v32c0 12.9 7.8 24.6 19.8 29.6s25.7 2.2 34.9-6.9l64-64c12.5-12.5 12.5-32.8 0-45.3l-64-64c-9.2-9.2-22.9-11.9-34.9-6.9S320 19.1 320 32V64H160C71.6 64 0 135.6 0 224zm512 64c0-17.7-14.3-32-32-32s-32 14.3-32 32c0 53-43 96-96 96H192V352c0-12.9-7.8-24.6-19.8-29.6s-25.7-2.2-34.9 6.9l-64 64c-12.5 12.5-12.5 32.8 0 45.3l64 64c9.2 9.2 22.9 11.9 34.9 6.9s19.8-16.6 19.8-29.6V448H352c88.4 0 160-71.6 160-160z"
        fill="currentColor"
        style={{}}
      />
    </svg>
  </div>
</div>
`;
